// Jest Snapshot v1, https://goo.gl/fbAQLP

exports[`<Register /> should match snapshot 1`] = `
<Route>
  <Component />
</Route>
`;
